\documentclass[12pt,a4paper]{article}
\begin{document}
\begin{table}[ht]
\begin{center}
\caption{All statistics are based on contigs of size $\geq$ 250 bp, unless otherwise noted (e.g., "\# contigs ($\geq$ 0 bp)" and "Total length ($\geq$ 0 bp)" include all contigs).}
\begin{tabular}{|l*{3}{|r}|}
\hline
Assembly & 048ds\_megahit & 048ds\_abyss & 048ds\_minia \\ \hline
\# contigs ($\geq$ 0 bp) & 3 & 6 & 14 \\ \hline
\# contigs ($\geq$ 1000 bp) & 0 & 0 & 0 \\ \hline
\# contigs ($\geq$ 5000 bp) & 0 & 0 & 0 \\ \hline
\# contigs ($\geq$ 10000 bp) & 0 & 0 & 0 \\ \hline
\# contigs ($\geq$ 25000 bp) & 0 & 0 & 0 \\ \hline
\# contigs ($\geq$ 50000 bp) & 0 & 0 & 0 \\ \hline
Total length ($\geq$ 0 bp) & 1351 & 1326 & {\bf 2661} \\ \hline
Total length ($\geq$ 1000 bp) & 0 & 0 & 0 \\ \hline
Total length ($\geq$ 5000 bp) & 0 & 0 & 0 \\ \hline
Total length ($\geq$ 10000 bp) & 0 & 0 & 0 \\ \hline
Total length ($\geq$ 25000 bp) & 0 & 0 & 0 \\ \hline
Total length ($\geq$ 50000 bp) & 0 & 0 & 0 \\ \hline
\# contigs & 3 & 1 & 1 \\ \hline
Largest contig & {\bf 739} & 361 & 260 \\ \hline
Total length & {\bf 1351} & 361 & 260 \\ \hline
GC (\%) & 44.34 & 41.83 & 40.38 \\ \hline
N50 & {\bf 739} & 361 & 260 \\ \hline
N90 & 304 & {\bf 361} & 260 \\ \hline
auN & {\bf 542.9} & 361.0 & 260.0 \\ \hline
L50 & 1 & 1 & 1 \\ \hline
L90 & 3 & {\bf 1} & {\bf 1} \\ \hline
\# N's per 100 kbp & 0.00 & 0.00 & 0.00 \\ \hline
\end{tabular}
\end{center}
\end{table}
\end{document}
