Assembly	# contigs (>= 0 bp)	# contigs (>= 1000 bp)	# contigs (>= 5000 bp)	# contigs (>= 10000 bp)	# contigs (>= 25000 bp)	# contigs (>= 50000 bp)	Total length (>= 0 bp)	Total length (>= 1000 bp)	Total length (>= 5000 bp)	Total length (>= 10000 bp)	Total length (>= 25000 bp)	Total length (>= 50000 bp)	# contigs	Largest contig	Total length	GC (%)	N50	N90	auN	L50	L90	# N's per 100 kbp
048ds_megahit	3	0	0	0	0	0	1351	0	0	0	0	0	3	739	1351	44.34	739	304	542.9	1	3	0.00
048ds_abyss	6	0	0	0	0	0	1326	0	0	0	0	0	1	361	361	41.83	361	361	361.0	1	1	0.00
048ds_minia	14	0	0	0	0	0	2661	0	0	0	0	0	1	260	260	40.38	260	260	260.0	1	1	0.00
