All statistics are based on contigs of size >= 250 bp, unless otherwise noted (e.g., "# contigs (>= 0 bp)" and "Total length (>= 0 bp)" include all contigs).

Assembly               # contigs (>= 0 bp)  # contigs (>= 1000 bp)  # contigs (>= 5000 bp)  # contigs (>= 10000 bp)  # contigs (>= 25000 bp)  # contigs (>= 50000 bp)  Total length (>= 0 bp)  Total length (>= 1000 bp)  Total length (>= 5000 bp)  Total length (>= 10000 bp)  Total length (>= 25000 bp)  Total length (>= 50000 bp)  # contigs  Largest contig  Total length  GC (%)  N50  N90  auN    L50  L90  # N's per 100 kbp
048ds_spades           475                  0                       0                       0                        0                        0                        121318                  0                          0                          0                           0                           0                           176        709             55473         43.14   306  257  334.4  73   155  0.00             
048ds_megahit          3                    0                       0                       0                        0                        0                        1106                    0                          0                          0                           0                           0                           3          542             1106          45.39   308  256  410.6  2    3    0.00             
048ds_abyss            139                  0                       0                       0                        0                        0                        13345                   0                          0                          0                           0                           0                           6          368             1876          42.80   338  258  317.6  3    6    0.00             
048ds_sparseassembler  5982                 0                       0                       0                        0                        0                        370614                  0                          0                          0                           0                           0                           12         457             3715          43.50   303  255  319.4  6    11   0.00             
048ds_minia            308                  0                       0                       0                        0                        0                        34010                   0                          0                          0                           0                           0                           9          368             2677          44.04   291  258  302.7  4    8    0.00             
048ds_masurca          2                    0                       0                       0                        0                        0                        860                     0                          0                          0                           0                           0                           2          489             860           47.21   489  371  438.1  1    2    0.00             
