{
    "parameters": {
        "out_path": "/home/lia/git_repos/FSP_assembly_benchmarking/results/048ds/busco/spades",
        "cpu": "8",
        "force": "True",
        "restart": "False",
        "quiet": "False",
        "download_path": "/home/lia/git_repos/FSP_assembly_benchmarking/busco_downloads",
        "datasets_version": "odb12",
        "offline": "False",
        "download_base_url": "https://busco-data.ezlab.org/v5/data/",
        "auto-lineage": "False",
        "auto-lineage-prok": "False",
        "auto-lineage-euk": "False",
        "use_augustus": "False",
        "use_miniprot": "False",
        "use_metaeuk": "True",
        "skip_bbtools": "False",
        "batch_mode": "False",
        "tar": "False",
        "opt-out-run-stats": "False",
        "in": "/home/lia/git_repos/FSP_assembly_benchmarking/results/assemblies/048ds/048ds_spades.fa",
        "mode": "euk_genome_met",
        "lineage_dataset": "resources/fungi_odb12",
        "out": "BUSCO_048ds_spades.fa",
        "main_out": "/home/lia/git_repos/FSP_assembly_benchmarking/results/048ds/busco/spades/BUSCO_048ds_spades.fa",
        "lineage_results_dir": "run_fungi_odb12",
        "domain": "eukaryota",
        "ncbi_taxid": "4751",
        "max_intron": "60000",
        "max_seq_len": "100000",
        "orthodb_version": "12.0",
        "dataset_version": "01",
        "metaeuk_parameters": "",
        "metaeuk_rerun_parameters": "",
        "contig_break": "10",
        "scaffold_composition": "False",
        "gene_predictor": "metaeuk"
    },
    "lineage_dataset": {
        "name": "fungi_odb12",
        "creation_date": "2025-07-01",
        "number_of_buscos": "1122",
        "number_of_species": "144"
    },
    "versions": {
        "hmmsearch": 3.4,
        "bbtools": null,
        "metaeuk": "7.bba0d80",
        "python": [
            3,
            12,
            11,
            "final",
            0
        ],
        "busco": "5.8.3"
    },
    "results": {
        "one_line_summary": "C:0.0%[S:0.0%,D:0.0%],F:0.0%,M:100.0%,n:1122",
        "Complete percentage": 0.0,
        "Complete BUSCOs": 0,
        "Single copy percentage": 0.0,
        "Single copy BUSCOs": 0,
        "Multi copy percentage": 0.0,
        "Multi copy BUSCOs": 0,
        "Fragmented percentage": 0.0,
        "Fragmented BUSCOs": 0,
        "Missing percentage": 100.0,
        "Missing BUSCOs": 1122,
        "n_markers": 1122,
        "avg_identity": null,
        "domain": "eukaryota",
        "internal_stop_codon_count": 0,
        "internal_stop_codon_percent": 0,
        "Number of scaffolds": "478",
        "Number of contigs": "478",
        "Total length": "121441",
        "Percent gaps": "0.000%",
        "Scaffold N50": "244",
        "Contigs N50": "244"
    },
    "metrics": {
        "Number of scaffolds": "478",
        "Number of contigs": "478",
        "Total length": "121441",
        "Percent gaps": "0.000%",
        "Scaffold N50": "244",
        "Contigs N50": "244"
    }
}