# BUSCO version is: 5.8.3 
# The lineage dataset is: fungi_odb12 (Creation date: 2025-07-01, number of genomes: 144, number of BUSCOs: 1122)
# Summarized benchmarking in BUSCO notation for file /home/lia/git_repos/FSP_assembly_benchmarking/results/assemblies/048ds/048ds_spades.fa
# BUSCO was run in mode: euk_genome_met
# Gene predictor used: metaeuk

	***** Results: *****

	C:0.0%[S:0.0%,D:0.0%],F:0.0%,M:100.0%,n:1122	   
	0	Complete BUSCOs (C)			   
	0	Complete and single-copy BUSCOs (S)	   
	0	Complete and duplicated BUSCOs (D)	   
	0	Fragmented BUSCOs (F)			   
	1122	Missing BUSCOs (M)			   
	1122	Total BUSCO groups searched		   

Assembly Statistics:
	478	Number of scaffolds
	478	Number of contigs
	121441	Total length
	0.000%	Percent gaps
	244	Scaffold N50
	244	Contigs N50


Dependencies and versions:
	hmmsearch: 3.4
	bbtools: None
	metaeuk: 7.bba0d80
	python: sys.version_info(major=3, minor=12, micro=11, releaselevel='final', serial=0)
	busco: 5.8.3
