All statistics are based on contigs of size >= 500 bp, unless otherwise noted (e.g., "# contigs (>= 0 bp)" and "Total length (>= 0 bp)" include all contigs).

Assembly       # contigs (>= 0 bp)  # contigs (>= 1000 bp)  # contigs (>= 5000 bp)  # contigs (>= 10000 bp)  # contigs (>= 25000 bp)  # contigs (>= 50000 bp)  Total length (>= 0 bp)  Total length (>= 1000 bp)  Total length (>= 5000 bp)  Total length (>= 10000 bp)  Total length (>= 25000 bp)  Total length (>= 50000 bp)  # contigs  Largest contig  Total length  GC (%)  N50  N90  auN    L50  L90  # N's per 100 kbp
048ds_spades   478                  0                       0                       0                        0                        0                        121441                  0                          0                          0                           0                           0                           6          836             3661          45.70   627  501  630.9  3    6    0.00             
048ds_megahit  15                   0                       0                       0                        0                        0                        5068                    0                          0                          0                           0                           0                           1          501             501           41.72   501  501  501.0  1    1    0.00             
