n,n:500,L50,min,N75,N50,N25,E-size,max,sum,name
6,0,0,0,0,0,0,0,0,0,abyss-unitigs.fa
6,0,0,0,0,0,0,0,0,0,abyss-contigs.fa
6,0,0,0,0,0,0,0,0,0,abyss-scaffolds.fa
