All statistics are based on contigs of size >= 250 bp, unless otherwise noted (e.g., "# contigs (>= 0 bp)" and "Total length (>= 0 bp)" include all contigs).

Assembly               # contigs (>= 0 bp)  # contigs (>= 1000 bp)  # contigs (>= 5000 bp)  # contigs (>= 10000 bp)  # contigs (>= 25000 bp)  # contigs (>= 50000 bp)  Total length (>= 0 bp)  Total length (>= 1000 bp)  Total length (>= 5000 bp)  Total length (>= 10000 bp)  Total length (>= 25000 bp)  Total length (>= 50000 bp)  # contigs  Largest contig  Total length  GC (%)  N50  N90  auN    L50  L90  # N's per 100 kbp
048ss_spades           1046                 1                       0                       0                        0                        0                        286922                  1275                       0                          0                           0                           0                           474        1275            160192        37.59   328  258  372.0  186  411  0.00             
048ss_megahit          12                   0                       0                       0                        0                        0                        5981                    0                          0                          0                           0                           0                           12         976             5981          37.89   506  327  566.4  5    11   0.00             
048ss_abyss            248                  0                       0                       0                        0                        0                        34799                   0                          0                          0                           0                           0                           33         561             10591         34.94   311  265  334.0  15   29   0.00             
048ss_sparseassembler  8313                 0                       0                       0                        0                        0                        550980                  0                          0                          0                           0                           0                           45         486             14419         36.82   312  261  331.7  20   40   6.94             
048ss_minia            704                  0                       0                       0                        0                        0                        85131                   0                          0                          0                           0                           0                           39         434             11903         35.69   296  255  313.6  17   35   0.00             
048ss_masurca          7                    1                       0                       0                        0                        0                        3182                    1004                       0                          0                           0                           0                           7          1004            3182          41.33   372  355  566.5  3    6    0.00             
