\documentclass[12pt,a4paper]{article}
\begin{document}
\begin{table}[ht]
\begin{center}
\caption{All statistics are based on contigs of size $\geq$ 500 bp, unless otherwise noted (e.g., "\# contigs ($\geq$ 0 bp)" and "Total length ($\geq$ 0 bp)" include all contigs).}
\begin{tabular}{|l*{2}{|r}|}
\hline
Assembly & 048ds\_spades & 048ds\_megahit \\ \hline
\# contigs ($\geq$ 0 bp) & 478 & 15 \\ \hline
\# contigs ($\geq$ 1000 bp) & 0 & 0 \\ \hline
\# contigs ($\geq$ 5000 bp) & 0 & 0 \\ \hline
\# contigs ($\geq$ 10000 bp) & 0 & 0 \\ \hline
\# contigs ($\geq$ 25000 bp) & 0 & 0 \\ \hline
\# contigs ($\geq$ 50000 bp) & 0 & 0 \\ \hline
Total length ($\geq$ 0 bp) & {\bf 121441} & 5068 \\ \hline
Total length ($\geq$ 1000 bp) & 0 & 0 \\ \hline
Total length ($\geq$ 5000 bp) & 0 & 0 \\ \hline
Total length ($\geq$ 10000 bp) & 0 & 0 \\ \hline
Total length ($\geq$ 25000 bp) & 0 & 0 \\ \hline
Total length ($\geq$ 50000 bp) & 0 & 0 \\ \hline
\# contigs & 6 & 1 \\ \hline
Largest contig & {\bf 836} & 501 \\ \hline
Total length & {\bf 3661} & 501 \\ \hline
GC (\%) & 45.70 & 41.72 \\ \hline
N50 & {\bf 627} & 501 \\ \hline
N90 & 501 & 501 \\ \hline
auN & {\bf 630.9} & 501.0 \\ \hline
L50 & 3 & {\bf 1} \\ \hline
L90 & 6 & {\bf 1} \\ \hline
\# N's per 100 kbp & 0.00 & 0.00 \\ \hline
\end{tabular}
\end{center}
\end{table}
\end{document}
