<table>
<colgroup>
<col style="width: 9%" />
<col style="width: 9%" />
<col style="width: 9%" />
<col style="width: 9%" />
<col style="width: 9%" />
<col style="width: 9%" />
<col style="width: 9%" />
<col style="width: 9%" />
<col style="width: 9%" />
<col style="width: 9%" />
<col style="width: 9%" />
</colgroup>
<thead>
<tr class="header">
<th>n</th>
<th>n:500</th>
<th>L50</th>
<th>min</th>
<th>N75</th>
<th>N50</th>
<th>N25</th>
<th>E-size</th>
<th>max</th>
<th>sum</th>
<th>name</th>
</tr>
</thead>
<tbody>
<tr class="odd">
<td>248</td>
<td>1</td>
<td>1</td>
<td>561</td>
<td>561</td>
<td>561</td>
<td>561</td>
<td>561</td>
<td>561</td>
<td>561</td>
<td>abyss-unitigs.fa</td>
</tr>
<tr class="even">
<td>248</td>
<td>1</td>
<td>1</td>
<td>561</td>
<td>561</td>
<td>561</td>
<td>561</td>
<td>561</td>
<td>561</td>
<td>561</td>
<td>abyss-contigs.fa</td>
</tr>
<tr class="odd">
<td>248</td>
<td>1</td>
<td>1</td>
<td>561</td>
<td>561</td>
<td>561</td>
<td>561</td>
<td>561</td>
<td>561</td>
<td>561</td>
<td>abyss-scaffolds.fa</td>
</tr>
</tbody>
</table>
