n,n:500,L50,min,N75,N50,N25,E-size,max,sum,name
248,1,1,561,561,561,561,561,561,561,abyss-unitigs.fa
248,1,1,561,561,561,561,561,561,561,abyss-contigs.fa
248,1,1,561,561,561,561,561,561,561,abyss-scaffolds.fa
