\documentclass[12pt,a4paper]{article}
\begin{document}
\begin{table}[ht]
\begin{center}
\caption{All statistics are based on contigs of size $\geq$ 250 bp, unless otherwise noted (e.g., "\# contigs ($\geq$ 0 bp)" and "Total length ($\geq$ 0 bp)" include all contigs).}
\begin{tabular}{|l*{1}{|r}|}
\hline
Assembly & 048ds\_best\_assembly\_pilon \\ \hline
\# contigs ($\geq$ 0 bp) & 3 \\ \hline
\# contigs ($\geq$ 1000 bp) & 0 \\ \hline
\# contigs ($\geq$ 5000 bp) & 0 \\ \hline
\# contigs ($\geq$ 10000 bp) & 0 \\ \hline
\# contigs ($\geq$ 25000 bp) & 0 \\ \hline
\# contigs ($\geq$ 50000 bp) & 0 \\ \hline
Total length ($\geq$ 0 bp) & 1351 \\ \hline
Total length ($\geq$ 1000 bp) & 0 \\ \hline
Total length ($\geq$ 5000 bp) & 0 \\ \hline
Total length ($\geq$ 10000 bp) & 0 \\ \hline
Total length ($\geq$ 25000 bp) & 0 \\ \hline
Total length ($\geq$ 50000 bp) & 0 \\ \hline
\# contigs & 3 \\ \hline
Largest contig & 739 \\ \hline
Total length & 1351 \\ \hline
GC (\%) & 44.41 \\ \hline
N50 & 739 \\ \hline
N90 & 304 \\ \hline
auN & 542.9 \\ \hline
L50 & 1 \\ \hline
L90 & 3 \\ \hline
\# N's per 100 kbp & 0.00 \\ \hline
\end{tabular}
\end{center}
\end{table}
\end{document}
