Assembly	048ds_best_assembly_pilon
# contigs (>= 0 bp)	2
# contigs (>= 1000 bp)	0
# contigs (>= 5000 bp)	0
# contigs (>= 10000 bp)	0
# contigs (>= 25000 bp)	0
# contigs (>= 50000 bp)	0
Total length (>= 0 bp)	860
Total length (>= 1000 bp)	0
Total length (>= 5000 bp)	0
Total length (>= 10000 bp)	0
Total length (>= 25000 bp)	0
Total length (>= 50000 bp)	0
# contigs	2
Largest contig	489
Total length	860
GC (%)	47.21
N50	489
N90	371
auN	438.1
L50	1
L90	2
# N's per 100 kbp	0.00
