\documentclass[12pt,a4paper]{article}
\begin{document}
\begin{table}[ht]
\begin{center}
\caption{All statistics are based on contigs of size $\geq$ 250 bp, unless otherwise noted (e.g., "\# contigs ($\geq$ 0 bp)" and "Total length ($\geq$ 0 bp)" include all contigs).}
\begin{tabular}{|l*{22}{|r}|}
\hline
Assembly & \# contigs ($\geq$ 0 bp) & \# contigs ($\geq$ 1000 bp) & \# contigs ($\geq$ 5000 bp) & \# contigs ($\geq$ 10000 bp) & \# contigs ($\geq$ 25000 bp) & \# contigs ($\geq$ 50000 bp) & Total length ($\geq$ 0 bp) & Total length ($\geq$ 1000 bp) & Total length ($\geq$ 5000 bp) & Total length ($\geq$ 10000 bp) & Total length ($\geq$ 25000 bp) & Total length ($\geq$ 50000 bp) & \# contigs & Largest contig & Total length & GC (\%) & N50 & N90 & auN & L50 & L90 & \# N's per 100 kbp \\ \hline
048ds\_best\_assembly\_pilon & 3 & 0 & 0 & 0 & 0 & 0 & 1351 & 0 & 0 & 0 & 0 & 0 & 3 & 739 & 1351 & 44.41 & 739 & 304 & 542.9 & 1 & 3 & 0.00 \\ \hline
\end{tabular}
\end{center}
\end{table}
\end{document}
