All statistics are based on contigs of size >= 250 bp, unless otherwise noted (e.g., "# contigs (>= 0 bp)" and "Total length (>= 0 bp)" include all contigs).

Assembly                   # contigs (>= 0 bp)  # contigs (>= 1000 bp)  # contigs (>= 5000 bp)  # contigs (>= 10000 bp)  # contigs (>= 25000 bp)  # contigs (>= 50000 bp)  Total length (>= 0 bp)  Total length (>= 1000 bp)  Total length (>= 5000 bp)  Total length (>= 10000 bp)  Total length (>= 25000 bp)  Total length (>= 50000 bp)  # contigs  Largest contig  Total length  GC (%)  N50  N90  auN    L50  L90  # N's per 100 kbp
048ds_best_assembly_pilon  2                    0                       0                       0                        0                        0                        860                     0                          0                          0                           0                           0                           2          489             860           47.21   489  371  438.1  1    2    0.00             
