\documentclass[12pt,a4paper]{article}
\begin{document}
\begin{table}[ht]
\begin{center}
\caption{All statistics are based on contigs of size $\geq$ 250 bp, unless otherwise noted (e.g., "\# contigs ($\geq$ 0 bp)" and "Total length ($\geq$ 0 bp)" include all contigs).}
\begin{tabular}{|l*{1}{|r}|}
\hline
Assembly & 048ss\_best\_assembly\_pilon \\ \hline
\# contigs ($\geq$ 0 bp) & 7 \\ \hline
\# contigs ($\geq$ 1000 bp) & 1 \\ \hline
\# contigs ($\geq$ 5000 bp) & 0 \\ \hline
\# contigs ($\geq$ 10000 bp) & 0 \\ \hline
\# contigs ($\geq$ 25000 bp) & 0 \\ \hline
\# contigs ($\geq$ 50000 bp) & 0 \\ \hline
Total length ($\geq$ 0 bp) & 3182 \\ \hline
Total length ($\geq$ 1000 bp) & 1004 \\ \hline
Total length ($\geq$ 5000 bp) & 0 \\ \hline
Total length ($\geq$ 10000 bp) & 0 \\ \hline
Total length ($\geq$ 25000 bp) & 0 \\ \hline
Total length ($\geq$ 50000 bp) & 0 \\ \hline
\# contigs & 7 \\ \hline
Largest contig & 1004 \\ \hline
Total length & 3182 \\ \hline
GC (\%) & 41.33 \\ \hline
N50 & 372 \\ \hline
N90 & 355 \\ \hline
auN & 566.5 \\ \hline
L50 & 3 \\ \hline
L90 & 6 \\ \hline
\# N's per 100 kbp & 0.00 \\ \hline
\end{tabular}
\end{center}
\end{table}
\end{document}
